Archive member included to satisfy reference by file (symbol)

C:/ST/STM32CubeIDE_2.0.0/STM32CubeIDE/plugins/com.st.stm32cube.ide.mcu.externaltools.gnu-tools-for-stm32.13.3.rel1.win32_1.0.100.202509120712/tools/bin/../lib/gcc/arm-none-eabi/13.3.1/../../../../arm-none-eabi/lib/thumb/v7e-m+fp/hard\libc_nano.a(libc_a-exit.o)
                              C:/ST/STM32CubeIDE_2.0.0/STM32CubeIDE/plugins/com.st.stm32cube.ide.mcu.externaltools.gnu-tools-for-stm32.13.3.rel1.win32_1.0.100.202509120712/tools/bin/../lib/gcc/arm-none-eabi/13.3.1/../../../../arm-none-eabi/lib/thumb/v7e-m+fp/hard/crt0.o (exit)
C:/ST/STM32CubeIDE_2.0.0/STM32CubeIDE/plugins/com.st.stm32cube.ide.mcu.externaltools.gnu-tools-for-stm32.13.3.rel1.win32_1.0.100.202509120712/tools/bin/../lib/gcc/arm-none-eabi/13.3.1/../../../../arm-none-eabi/lib/thumb/v7e-m+fp/hard\libc_nano.a(libc_a-findfp.o)
                              C:/ST/STM32CubeIDE_2.0.0/STM32CubeIDE/plugins/com.st.stm32cube.ide.mcu.externaltools.gnu-tools-for-stm32.13.3.rel1.win32_1.0.100.202509120712/tools/bin/../lib/gcc/arm-none-eabi/13.3.1/../../../../arm-none-eabi/lib/thumb/v7e-m+fp/hard\libc_nano.a(libc_a-exit.o) (__stdio_exit_handler)
C:/ST/STM32CubeIDE_2.0.0/STM32CubeIDE/plugins/com.st.stm32cube.ide.mcu.externaltools.gnu-tools-for-stm32.13.3.rel1.win32_1.0.100.202509120712/tools/bin/../lib/gcc/arm-none-eabi/13.3.1/../../../../arm-none-eabi/lib/thumb/v7e-m+fp/hard\libc_nano.a(libc_a-fwalk.o)
                              C:/ST/STM32CubeIDE_2.0.0/STM32CubeIDE/plugins/com.st.stm32cube.ide.mcu.externaltools.gnu-tools-for-stm32.13.3.rel1.win32_1.0.100.202509120712/tools/bin/../lib/gcc/arm-none-eabi/13.3.1/../../../../arm-none-eabi/lib/thumb/v7e-m+fp/hard\libc_nano.a(libc_a-findfp.o) (_fwalk_sglue)
C:/ST/STM32CubeIDE_2.0.0/STM32CubeIDE/plugins/com.st.stm32cube.ide.mcu.externaltools.gnu-tools-for-stm32.13.3.rel1.win32_1.0.100.202509120712/tools/bin/../lib/gcc/arm-none-eabi/13.3.1/../../../../arm-none-eabi/lib/thumb/v7e-m+fp/hard\libc_nano.a(libc_a-stdio.o)
                              C:/ST/STM32CubeIDE_2.0.0/STM32CubeIDE/plugins/com.st.stm32cube.ide.mcu.externaltools.gnu-tools-for-stm32.13.3.rel1.win32_1.0.100.202509120712/tools/bin/../lib/gcc/arm-none-eabi/13.3.1/../../../../arm-none-eabi/lib/thumb/v7e-m+fp/hard\libc_nano.a(libc_a-findfp.o) (__sread)
C:/ST/STM32CubeIDE_2.0.0/STM32CubeIDE/plugins/com.st.stm32cube.ide.mcu.externaltools.gnu-tools-for-stm32.13.3.rel1.win32_1.0.100.202509120712/tools/bin/../lib/gcc/arm-none-eabi/13.3.1/../../../../arm-none-eabi/lib/thumb/v7e-m+fp/hard\libc_nano.a(libc_a-memset.o)
                              C:/ST/STM32CubeIDE_2.0.0/STM32CubeIDE/plugins/com.st.stm32cube.ide.mcu.externaltools.gnu-tools-for-stm32.13.3.rel1.win32_1.0.100.202509120712/tools/bin/../lib/gcc/arm-none-eabi/13.3.1/../../../../arm-none-eabi/lib/thumb/v7e-m+fp/hard/crt0.o (memset)
C:/ST/STM32CubeIDE_2.0.0/STM32CubeIDE/plugins/com.st.stm32cube.ide.mcu.externaltools.gnu-tools-for-stm32.13.3.rel1.win32_1.0.100.202509120712/tools/bin/../lib/gcc/arm-none-eabi/13.3.1/../../../../arm-none-eabi/lib/thumb/v7e-m+fp/hard\libc_nano.a(libc_a-closer.o)
                              C:/ST/STM32CubeIDE_2.0.0/STM32CubeIDE/plugins/com.st.stm32cube.ide.mcu.externaltools.gnu-tools-for-stm32.13.3.rel1.win32_1.0.100.202509120712/tools/bin/../lib/gcc/arm-none-eabi/13.3.1/../../../../arm-none-eabi/lib/thumb/v7e-m+fp/hard\libc_nano.a(libc_a-stdio.o) (_close_r)
C:/ST/STM32CubeIDE_2.0.0/STM32CubeIDE/plugins/com.st.stm32cube.ide.mcu.externaltools.gnu-tools-for-stm32.13.3.rel1.win32_1.0.100.202509120712/tools/bin/../lib/gcc/arm-none-eabi/13.3.1/../../../../arm-none-eabi/lib/thumb/v7e-m+fp/hard\libc_nano.a(libc_a-reent.o)
                              C:/ST/STM32CubeIDE_2.0.0/STM32CubeIDE/plugins/com.st.stm32cube.ide.mcu.externaltools.gnu-tools-for-stm32.13.3.rel1.win32_1.0.100.202509120712/tools/bin/../lib/gcc/arm-none-eabi/13.3.1/../../../../arm-none-eabi/lib/thumb/v7e-m+fp/hard\libc_nano.a(libc_a-closer.o) (errno)
C:/ST/STM32CubeIDE_2.0.0/STM32CubeIDE/plugins/com.st.stm32cube.ide.mcu.externaltools.gnu-tools-for-stm32.13.3.rel1.win32_1.0.100.202509120712/tools/bin/../lib/gcc/arm-none-eabi/13.3.1/../../../../arm-none-eabi/lib/thumb/v7e-m+fp/hard\libc_nano.a(libc_a-impure.o)
                              C:/ST/STM32CubeIDE_2.0.0/STM32CubeIDE/plugins/com.st.stm32cube.ide.mcu.externaltools.gnu-tools-for-stm32.13.3.rel1.win32_1.0.100.202509120712/tools/bin/../lib/gcc/arm-none-eabi/13.3.1/../../../../arm-none-eabi/lib/thumb/v7e-m+fp/hard\libc_nano.a(libc_a-reent.o) (_impure_ptr)
C:/ST/STM32CubeIDE_2.0.0/STM32CubeIDE/plugins/com.st.stm32cube.ide.mcu.externaltools.gnu-tools-for-stm32.13.3.rel1.win32_1.0.100.202509120712/tools/bin/../lib/gcc/arm-none-eabi/13.3.1/../../../../arm-none-eabi/lib/thumb/v7e-m+fp/hard\libc_nano.a(libc_a-lseekr.o)
[...]
Memory Configuration

Name             Origin             Length             Attributes
RAM              0x20000000         0x00018000         xrw
SRAM2            0x10000000         0x00008000         xrw
FLASH            0x08000000         0x00100000         xr
*default*        0x00000000         0xffffffff

Linker script and memory map

LOAD C:/ST/STM32CubeIDE_2.0.0/STM32CubeIDE/plugins/com.st.stm32cube.ide.mcu.externaltools.gnu-tools-for-stm32.13.3.rel1.win32_1.0.100.202509120712/tools/bin/../lib/gcc/arm-none-eabi/13.3.1/thumb/v7e-m+fp/hard/crti.o
LOAD C:/ST/STM32CubeIDE_2.0.0/STM32CubeIDE/plugins/com.st.stm32cube.ide.mcu.externaltools.gnu-tools-for-stm32.13.3.rel1.win32_1.0.100.202509120712/tools/bin/../lib/gcc/arm-none-eabi/13.3.1/thumb/v7e-m+fp/hard/crtbegin.o
LOAD C:/ST/STM32CubeIDE_2.0.0/STM32CubeIDE/plugins/com.st.stm32cube.ide.mcu.externaltools.gnu-tools-for-stm32.13.3.rel1.win32_1.0.100.202509120712/tools/bin/../lib/gcc/arm-none-eabi/13.3.1/../../../../arm-none-eabi/lib/thumb/v7e-m+fp/hard/crt0.o
LOAD ./Src/ADC.o
LOAD ./Src/TIM.o
LOAD ./Src/button.o
LOAD ./Src/game.o
LOAD ./Src/main.o
LOAD ./Src/segment.o
LOAD ./Src/ssd1306.o
LOAD ./Src/ssd1306_fonts.o
LOAD ./Src/syscalls.o
LOAD ./Src/sysmem.o
LOAD ./Src/system_stm32l4xx.o
LOAD ./Startup/startup_stm32l476rgtx.o
START GROUP
LOAD C:/ST/STM32CubeIDE_2.0.0/STM32CubeIDE/plugins/com.st.stm32cube.ide.mcu.externaltools.gnu-tools-for-stm32.13.3.rel1.win32_1.0.100.202509120712/tools/bin/../lib/gcc/arm-none-eabi/13.3.1/../../../../arm-none-eabi/lib/thumb/v7e-m+fp/hard\libc_nano.a
LOAD C:/ST/STM32CubeIDE_2.0.0/STM32CubeIDE/plugins/com.st.stm32cube.ide.mcu.externaltools.gnu-tools-for-stm32.13.3.rel1.win32_1.0.100.202509120712/tools/bin/../lib/gcc/arm-none-eabi/13.3.1/../../../../arm-none-eabi/lib/thumb/v7e-m+fp/hard\libm.a
END GROUP
START GROUP
LOAD C:/ST/STM32CubeIDE_2.0.0/STM32CubeIDE/plugins/com.st.stm32cube.ide.mcu.externaltools.gnu-tools-for-stm32.13.3.rel1.win32_1.0.100.202509120712/tools/bin/../lib/gcc/arm-none-eabi/13.3.1/thumb/v7e-m+fp/hard\libgcc.a
LOAD C:/ST/STM32CubeIDE_2.0.0/STM32CubeIDE/plugins/com.st.stm32cube.ide.mcu.externaltools.gnu-tools-for-stm32.13.3.rel1.win32_1.0.100.202509120712/tools/bin/../lib/gcc/arm-none-eabi/13.3.1/../../../../arm-none-eabi/lib/thumb/v7e-m+fp/hard\libc_nano.a
END GROUP
START GROUP
LOAD C:/ST/STM32CubeIDE_2.0.0/STM32CubeIDE/plugins/com.st.stm32cube.ide.mcu.externaltools.gnu-tools-for-stm32.13.3.rel1.win32_1.0.100.202509120712/tools/bin/../lib/gcc/arm-none-eabi/13.3.1/thumb/v7e-m+fp/hard\libgcc.a
LOAD C:/ST/STM32CubeIDE_2.0.0/STM32CubeIDE/plugins/com.st.stm32cube.ide.mcu.externaltools.gnu-tools-for-stm32.13.3.rel1.win32_1.0.100.202509120712/tools/bin/../lib/gcc/arm-none-eabi/13.3.1/../../../../arm-none-eabi/lib/thumb/v7e-m+fp/hard\libc_nano.a
LOAD C:/ST/STM32CubeIDE_2.0.0/STM32CubeIDE/plugins/com.st.stm32cube.ide.mcu.externaltools.gnu-tools-for-stm32.13.3.rel1.win32_1.0.100.202509120712/tools/bin/../lib/gcc/arm-none-eabi/13.3.1/../../../../arm-none-eabi/lib/thumb/v7e-m+fp/hard\libnosys.a
END GROUP
START GROUP
LOAD C:/ST/STM32CubeIDE_2.0.0/STM32CubeIDE/plugins/com.st.stm32cube.ide.mcu.externaltools.gnu-tools-for-stm32.13.3.rel1.win32_1.0.100.202509120712/tools/bin/../lib/gcc/arm-none-eabi/13.3.1/thumb/v7e-m+fp/hard\libgcc.a
LOAD C:/ST/STM32CubeIDE_2.0.0/STM32CubeIDE/plugins/com.st.stm32cube.ide.mcu.externaltools.gnu-tools-for-stm32.13.3.rel1.win32_1.0.100.202509120712/tools/bin/../lib/gcc/arm-none-eabi/13.3.1/../../../../arm-none-eabi/lib/thumb/v7e-m+fp/hard\libc_nano.a
LOAD C:/ST/STM32CubeIDE_2.0.0/STM32CubeIDE/plugins/com.st.stm32cube.ide.mcu.externaltools.gnu-tools-for-stm32.13.3.rel1.win32_1.0.100.202509120712/tools/bin/../lib/gcc/arm-none-eabi/13.3.1/../../../../arm-none-eabi/lib/thumb/v7e-m+fp/hard\libnosys.a
END GROUP
LOAD C:/ST/STM32CubeIDE_2.0.0/STM32CubeIDE/plugins/com.st.stm32cube.ide.mcu.externaltools.gnu-tools-for-stm32.13.3.rel1.win32_1.0.100.202509120712/tools/bin/../lib/gcc/arm-none-eabi/13.3.1/thumb/v7e-m+fp/hard/crtend.o
LOAD C:/ST/STM32CubeIDE_2.0.0/STM32CubeIDE/plugins/com.st.stm32cube.ide.mcu.externaltools.gnu-tools-for-stm32.13.3.rel1.win32_1.0.100.202509120712/tools/bin/../lib/gcc/arm-none-eabi/13.3.1/thumb/v7e-m+fp/hard/crtn.o
                0x20018000                        _estack = (ORIGIN (RAM) + LENGTH (RAM))
                0x00000200                        _Min_Heap_Size = 0x200
                0x00000400                        _Min_Stack_Size = 0x400

.isr_vector     0x08000000      0x184
                0x08000000                        . = ALIGN (0x4)
 *(.isr_vector)
 .isr_vector    0x08000000      0x184 ./Startup/startup_stm32l476rgtx.o
                0x08000000                g_pfnVectors
                0x08000184                        . = ALIGN (0x4)

.text           0x08000184     0x1988
                0x08000184                        . = ALIGN (0x4)
 *(.text)
 .text          0x08000184       0x40 C:/ST/STM32CubeIDE_2.0.0/STM32CubeIDE/plugins/com.st.stm32cube.ide.mcu.externaltools.gnu-tools-for-stm32.13.3.rel1.win32_1.0.100.202509120712/tools/bin/../lib/gcc/arm-none-eabi/13.3.1/thumb/v7e-m+fp/hard/crtbegin.o
 *(.text*)
 .text.ADC_Wakeup
                0x080001c4       0x54 ./Src/ADC.o
                0x080001c4                ADC_Wakeup
 .text.ADC_Pin_Init
                0x08000218       0x48 ./Src/ADC.o
                0x08000218                ADC_Pin_Init
 .text.ADC_Common_Configuration
                0x08000260       0x60 ./Src/ADC.o
                0x08000260                ADC_Common_Configuration
 .text.ADC_Init
                0x080002c0       0xd8 ./Src/ADC.o
                0x080002c0                ADC_Init
 .text.Read_ADC
                0x08000398       0x30 ./Src/ADC.o
                0x08000398                Read_ADC
 .text.__NVIC_EnableIRQ
                0x080003c8       0x3c ./Src/TIM.o
 .text.__NVIC_SetPriority
                0x08000404       0x54 ./Src/TIM.o
 .text.TIM4_Init
                0x08000458       0x58 ./Src/TIM.o
                0x08000458                TIM4_Init
 .text.TIM4_IRQHandler
                0x080004b0      0x480 ./Src/TIM.o
                0x080004b0                TIM4_IRQHandler
 .text.Button_Init
                0x08000930       0x48 ./Src/button.o
                0x08000930                Button_Init
 .text.Ball_Init
                0x08000978       0x94 ./Src/game.o
                0x08000978                Ball_Init
 .text.Paddle_Init
                0x08000a0c       0x60 ./Src/game.o
                0x08000a0c                Paddle_Init
 .text.Draw_Point_Overlay
                0x08000a6c       0x60 ./Src/game.o
 .text.Score_Update
                0x08000acc       0x80 ./Src/game.o
                0x08000acc                Score_Update
 .text.__NVIC_SetPriority
                0x08000b4c       0x54 ./Src/main.o
 .text.SysTick_Config
                0x08000ba0       0x44 ./Src/main.o
 .text.SysTick_Handler
                0x08000be4       0x1c ./Src/main.o
                0x08000be4                SysTick_Handler
 .text.delay_ms
                0x08000c00       0x34 ./Src/main.o
                0x08000c00                delay_ms
 .text.draw_game_board
                0x08000c34       0xc4 ./Src/main.o
 .text.reset_game
                0x08000cf8       0x20 ./Src/main.o
                0x08000cf8                reset_game
 .text.main     0x08000d18      0x140 ./Src/main.o
                0x08000d18                main
 .text.segment_init
                0x08000e58       0xc0 ./Src/segment.o
                0x08000e58                segment_init
 .text.all_digits_off
                0x08000f18       0x20 ./Src/segment.o
                0x08000f18                all_digits_off
 .text.display_digit
                0x08000f38       0x68 ./Src/segment.o
                0x08000f38                display_digit
 .text.segment_refresh_tick
                0x08000fa0       0x5c ./Src/segment.o
                0x08000fa0                segment_refresh_tick
 .text.update_segment
                0x08000ffc      0x138 ./Src/segment.o
                0x08000ffc                update_segment
 .text.ssd1306_DelayMs
                0x08001134       0x38 ./Src/ssd1306.o
 .text.ssd1306_WaitWhileSet
                0x0800116c       0x40 ./Src/ssd1306.o
 .text.ssd1306_WaitUntilSet
                0x080011ac       0x50 ./Src/ssd1306.o
 .text.ssd1306_I2C1Init
                0x080011fc       0xd8 ./Src/ssd1306.o
 .text.ssd1306_I2CWrite
                0x080012d4       0xc8 ./Src/ssd1306.o
 .text.ssd1306_Reset
                0x0800139c        0xc ./Src/ssd1306.o
                0x0800139c                ssd1306_Reset
 .text.ssd1306_WriteCommand
                0x080013a8       0x2c ./Src/ssd1306.o
                0x080013a8                ssd1306_WriteCommand
 .text.ssd1306_WriteData
                0x080013d4       0x28 ./Src/ssd1306.o
                0x080013d4                ssd1306_WriteData
 .text.ssd1306_GetLastError
                0x080013fc       0x18 ./Src/ssd1306.o
                0x080013fc                ssd1306_GetLastError
 .text.ssd1306_Init
                0x08001414       0xd4 ./Src/ssd1306.o
                0x08001414                ssd1306_Init
 .text.ssd1306_Fill
                0x080014e8       0x30 ./Src/ssd1306.o
                0x080014e8                ssd1306_Fill
 .text.ssd1306_UpdateScreen
                0x08001518       0x50 ./Src/ssd1306.o
                0x08001518                ssd1306_UpdateScreen
 .text.ssd1306_DrawPixel
                0x08001568       0xa8 ./Src/ssd1306.o
                0x08001568                ssd1306_DrawPixel
 .text.ssd1306_WriteChar
                0x08001610      0x124 ./Src/ssd1306.o
                0x08001610                ssd1306_WriteChar
 .text.ssd1306_WriteString
                0x08001734       0x4c ./Src/ssd1306.o
                0x08001734                ssd1306_WriteString
 .text.ssd1306_SetCursor
                0x08001780       0x30 ./Src/ssd1306.o
                0x08001780                ssd1306_SetCursor
 .text.ssd1306_Line
                0x080017b0       0xd8 ./Src/ssd1306.o
                0x080017b0                ssd1306_Line
 .text.ssd1306_DrawRectangle
                0x08001888       0x6e ./Src/ssd1306.o
                0x08001888                ssd1306_DrawRectangle
 .text.ssd1306_FillRectangle
                0x080018f6       0x9c ./Src/ssd1306.o
                0x080018f6                ssd1306_FillRectangle
 .text.ssd1306_SetContrast
                0x08001992       0x26 ./Src/ssd1306.o
                0x08001992                ssd1306_SetContrast
 .text.ssd1306_SetDisplayOn
                0x080019b8       0x3c ./Src/ssd1306.o
                0x080019b8                ssd1306_SetDisplayOn
 .text.SystemInit
                0x080019f4       0x54 ./Src/system_stm32l4xx.o
                0x080019f4                SystemInit
 .text.Reset_Handler
                0x08001a48       0x50 ./Startup/startup_stm32l476rgtx.o
                0x08001a48                Reset_Handler
 .text.Default_Handler
                0x08001a98        0x2 ./Startup/startup_stm32l476rgtx.o
                0x08001a98                EXTI2_IRQHandler
                0x08001a98                TIM8_TRG_COM_IRQHandler
                0x08001a98                TIM8_CC_IRQHandler
                0x08001a98                DebugMon_Handler
                0x08001a98                DMA1_CH4_IRQHandler
                0x08001a98                TIM1_CC_IRQHandler
                0x08001a98                TSC_IRQHandler
                0x08001a98                HardFault_Handler
                0x08001a98                TAMP_STAMP_IRQHandler
                0x08001a98                PendSV_Handler
                0x08001a98                NMI_Handler
                0x08001a98                EXTI3_IRQHandler
                0x08001a98                LPTIM2_IRQHandler
                0x08001a98                DFSDM1_FLT1_IRQHandler
                0x08001a98                I2C3_ER_IRQHandler
                0x08001a98                DFSDM1_FLT2_IRQHandler
                0x08001a98                TIM6_DACUNDER_IRQHandler
                0x08001a98                EXTI0_IRQHandler
                0x08001a98                I2C2_EV_IRQHandler
                0x08001a98                DMA2_CH1_IRQHandler
                0x08001a98                CAN1_RX0_IRQHandler
                0x08001a98                TIM1_UP_TIM16_IRQHandler
                0x08001a98                DMA2_CH7_IRQHandler
                0x08001a98                UsageFault_Handler
                0x08001a98                ADC1_2_IRQHandler
                0x08001a98                SPI1_IRQHandler
                0x08001a98                DMA1_CH7_IRQHandler
                0x08001a98                TIM8_UP_IRQHandler
                0x08001a98                RTC_ALARM_IRQHandler
                0x08001a98                SAI2_IRQHandler
                0x08001a98                DFSDM1_FLT3_IRQHandler
                0x08001a98                DMA1_CH6_IRQHandler
                0x08001a98                USART3_IRQHandler
                0x08001a98                CAN1_RX1_IRQHandler
                0x08001a98                LCD_IRQHandler
                0x08001a98                UART5_IRQHandler
                0x08001a98                ADC3_IRQHandler
                0x08001a98                QUADSPI_IRQHandler
                0x08001a98                I2C1_EV_IRQHandler
                0x08001a98                DMA2_CH5_IRQHandler
                0x08001a98                UART4_IRQHandler
                0x08001a98                DMA1_CH3_IRQHandler
                0x08001a98                TIM3_IRQHandler
                0x08001a98                RCC_IRQHandler
                0x08001a98                Default_Handler
                0x08001a98                EXTI15_10_IRQHandler
                0x08001a98                TIM7_IRQHandler
                0x08001a98                SDMMC1_IRQHandler
                0x08001a98                TIM5_IRQHandler
                0x08001a98                I2C3_EV_IRQHandler
                0x08001a98                EXTI9_5_IRQHandler
                0x08001a98                DMA1_CH2_IRQHandler
                0x08001a98                RTC_WKUP_IRQHandler
                0x08001a98                PVD_PVM_IRQHandler
                0x08001a98                SPI2_IRQHandler
                0x08001a98                DMA1_CH1_IRQHandler
                0x08001a98                MemManage_Handler
                0x08001a98                CAN1_TX_IRQHandler
                0x08001a98                SVC_Handler
                0x08001a98                EXTI4_IRQHandler
                0x08001a98                RNG_IRQHandler
                0x08001a98                TIM1_TRG_COM_TIM17_IRQHandler
                0x08001a98                COMP_IRQHandler
                0x08001a98                WWDG_IRQHandler
                0x08001a98                LPUART1_IRQHandler
                0x08001a98                TIM2_IRQHandler
                0x08001a98                EXTI1_IRQHandler
                0x08001a98                AES_IRQHandler
                0x08001a98                USART2_IRQHandler
                0x08001a98                DFSDM1_FLT0_IRQHandler
                0x08001a98                I2C2_ER_IRQHandler
                0x08001a98                TIM8_BRK_IRQHandler
                0x08001a98                CAN1_SCE_IRQHandler
                0x08001a98                FLASH_IRQHandler
                0x08001a98                BusFault_Handler
                0x08001a98                USART1_IRQHandler
                0x08001a98                OTG_FS_IRQHandler
                0x08001a98                SPI3_IRQHandler
                0x08001a98                DMA2_CH6_IRQHandler
                0x08001a98                DMA2_CH3_IRQHandler
                0x08001a98                DMA2_CH2_IRQHandler
                0x08001a98                I2C1_ER_IRQHandler
                0x08001a98                FMC_IRQHandler
                0x08001a98                DMA1_CH5_IRQHandler
                0x08001a98                DMA2_CH4_IRQHandler
                0x08001a98                SWPMI1_IRQHandler
                0x08001a98                LPTIM1_IRQHandler
                0x08001a98                SAI1_IRQHandler
                0x08001a98                TIM1_BRK_TIM15_IRQHandler
 .text.memset   0x08001a9a       0x10 C:/ST/STM32CubeIDE_2.0.0/STM32CubeIDE/plugins/com.st.stm32cube.ide.mcu.externaltools.gnu-tools-for-stm32.13.3.rel1.win32_1.0.100.202509120712/tools/bin/../lib/gcc/arm-none-eabi/13.3.1/../../../../arm-none-eabi/lib/thumb/v7e-m+fp/hard\libc_nano.a(libc_a-memset.o)
                0x08001a9a                memset
 *fill*         0x08001aaa        0x2 
 .text.__libc_init_array
                0x08001aac       0x48 C:/ST/STM32CubeIDE_2.0.0/STM32CubeIDE/plugins/com.st.stm32cube.ide.mcu.externaltools.gnu-tools-for-stm32.13.3.rel1.win32_1.0.100.202509120712/tools/bin/../lib/gcc/arm-none-eabi/13.3.1/../../../../arm-none-eabi/lib/thumb/v7e-m+fp/hard\libc_nano.a(libc_a-init.o)
                0x08001aac                __libc_init_array
 *(.glue_7)
 .glue_7        0x08001af4        0x0 linker stubs
 *(.glue_7t)
 .glue_7t       0x08001af4        0x0 linker stubs
 *(.eh_frame)
 .eh_frame      0x08001af4        0x0 C:/ST/STM32CubeIDE_2.0.0/STM32CubeIDE/plugins/com.st.stm32cube.ide.mcu.externaltools.gnu-tools-for-stm32.13.3.rel1.win32_1.0.100.202509120712/tools/bin/../lib/gcc/arm-none-eabi/13.3.1/thumb/v7e-m+fp/hard/crtbegin.o
 *(.init)
 .init          0x08001af4        0x4 C:/ST/STM32CubeIDE_2.0.0/STM32CubeIDE/plugins/com.st.stm32cube.ide.mcu.externaltools.gnu-tools-for-stm32.13.3.rel1.win32_1.0.100.202509120712/tools/bin/../lib/gcc/arm-none-eabi/13.3.1/thumb/v7e-m+fp/hard/crti.o
                0x08001af4                _init
 .init          0x08001af8        0x8 C:/ST/STM32CubeIDE_2.0.0/STM32CubeIDE/plugins/com.st.stm32cube.ide.mcu.externaltools.gnu-tools-for-stm32.13.3.rel1.win32_1.0.100.202509120712/tools/bin/../lib/gcc/arm-none-eabi/13.3.1/thumb/v7e-m+fp/hard/crtn.o
 *(.fini)
 .fini          0x08001b00        0x4 C:/ST/STM32CubeIDE_2.0.0/STM32CubeIDE/plugins/com.st.stm32cube.ide.mcu.externaltools.gnu-tools-for-stm32.13.3.rel1.win32_1.0.100.202509120712/tools/bin/../lib/gcc/arm-none-eabi/13.3.1/thumb/v7e-m+fp/hard/crti.o
                0x08001b00                _fini
 .fini          0x08001b04        0x8 C:/ST/STM32CubeIDE_2.0.0/STM32CubeIDE/plugins/com.st.stm32cube.ide.mcu.externaltools.gnu-tools-for-stm32.13.3.rel1.win32_1.0.100.202509120712/tools/bin/../lib/gcc/arm-none-eabi/13.3.1/thumb/v7e-m+fp/hard/crtn.o
                0x08001b0c                        . = ALIGN (0x4)
                0x08001b0c                        _etext = .

.vfp11_veneer   0x08001b0c        0x0
 .vfp11_veneer  0x08001b0c        0x0 linker stubs

.v4_bx          0x08001b0c        0x0
 .v4_bx         0x08001b0c        0x0 linker stubs

.iplt           0x08001b0c        0x0
 .iplt          0x08001b0c        0x0 C:/ST/STM32CubeIDE_2.0.0/STM32CubeIDE/plugins/com.st.stm32cube.ide.mcu.externaltools.gnu-tools-for-stm32.13.3.rel1.win32_1.0.100.202509120712/tools/bin/../lib/gcc/arm-none-eabi/13.3.1/thumb/v7e-m+fp/hard/crtbegin.o

.rodata         0x08001b0c      0xdc8
                0x08001b0c                        . = ALIGN (0x4)
 *(.rodata)
 .rodata        0x08001b0c        0x3 ./Src/game.o
 *fill*         0x08001b0f        0x1 
 .rodata        0x08001b10       0x1d ./Src/main.o
 *(.rodata*)
 *fill*         0x08001b2d        0x3 
 .rodata.servePatterns
                0x08001b30       0x28 ./Src/game.o
                0x08001b30                servePatterns
 .rodata.segment_map
                0x08001b58       0x14 ./Src/segment.o
 .rodata.Font11x18
                0x08001b6c      0xd5c ./Src/ssd1306_fonts.o
 .rodata.Font_11x18
                0x080028c8        0xc ./Src/ssd1306_fonts.o
                0x080028c8                Font_11x18
                0x080028d4                        . = ALIGN (0x4)

.ARM.extab      0x080028d4        0x0
                0x080028d4                        . = ALIGN (0x4)
 *(.ARM.extab* .gnu.linkonce.armextab.*)
                0x080028d4                        . = ALIGN (0x4)

.ARM            0x080028d4        0x0
                0x080028d4                        . = ALIGN (0x4)
                0x080028d4                        __exidx_start = .
 *(.ARM.exidx*)
                0x080028d4                        __exidx_end = .
                0x080028d4                        . = ALIGN (0x4)

.preinit_array  0x080028d4        0x0
                0x080028d4                        . = ALIGN (0x4)
                0x080028d4                        PROVIDE (__preinit_array_start = .)
 *(.preinit_array*)
                0x080028d4                        PROVIDE (__preinit_array_end = .)
                0x080028d4                        . = ALIGN (0x4)

.init_array     0x080028d4        0x4
                0x080028d4                        . = ALIGN (0x4)
                0x080028d4                        PROVIDE (__init_array_start = .)
 *(SORT_BY_NAME(.init_array.*))
 *(.init_array*)
 .init_array    0x080028d4        0x4 C:/ST/STM32CubeIDE_2.0.0/STM32CubeIDE/plugins/com.st.stm32cube.ide.mcu.externaltools.gnu-tools-for-stm32.13.3.rel1.win32_1.0.100.202509120712/tools/bin/../lib/gcc/arm-none-eabi/13.3.1/thumb/v7e-m+fp/hard/crtbegin.o
                0x080028d8                        PROVIDE (__init_array_end = .)
                0x080028d8                        . = ALIGN (0x4)

.fini_array     0x080028d8        0x4
                0x080028d8                        . = ALIGN (0x4)
                [!provide]                        PROVIDE (__fini_array_start = .)
 *(SORT_BY_NAME(.fini_array.*))
 *(.fini_array*)
 .fini_array    0x080028d8        0x4 C:/ST/STM32CubeIDE_2.0.0/STM32CubeIDE/plugins/com.st.stm32cube.ide.mcu.externaltools.gnu-tools-for-stm32.13.3.rel1.win32_1.0.100.202509120712/tools/bin/../lib/gcc/arm-none-eabi/13.3.1/thumb/v7e-m+fp/hard/crtbegin.o
                [!provide]                        PROVIDE (__fini_array_end = .)
                0x080028dc                        . = ALIGN (0x4)
                0x080028dc                        _sidata = LOADADDR (.data)

.rel.dyn        0x080028dc        0x0
 .rel.iplt      0x080028dc        0x0 C:/ST/STM32CubeIDE_2.0.0/STM32CubeIDE/plugins/com.st.stm32cube.ide.mcu.externaltools.gnu-tools-for-stm32.13.3.rel1.win32_1.0.100.202509120712/tools/bin/../lib/gcc/arm-none-eabi/13.3.1/thumb/v7e-m+fp/hard/crtbegin.o

.data           0x20000000        0x8 load address 0x080028dc
                0x20000000                        . = ALIGN (0x4)
                0x20000000                        _sdata = .
 *(.data)
 *(.data*)
 .data.ballDir  0x20000000        0x4 ./Src/game.o
                0x20000000                ballDir
 .data.modADC   0x20000004        0x4 ./Src/main.o
                0x20000004                modADC
 *(.RamFunc)
 *(.RamFunc*)
                0x20000008                        . = ALIGN (0x4)
                0x20000008                        _edata = .
                0x080028e4                        _sisram2 = LOADADDR (.sram2)

.igot.plt       0x20000008        0x0 load address 0x080028e4
 .igot.plt      0x20000008        0x0 C:/ST/STM32CubeIDE_2.0.0/STM32CubeIDE/plugins/com.st.stm32cube.ide.mcu.externaltools.gnu-tools-for-stm32.13.3.rel1.win32_1.0.100.202509120712/tools/bin/../lib/gcc/arm-none-eabi/13.3.1/thumb/v7e-m+fp/hard/crtbegin.o

.sram2          0x10000000        0x0 load address 0x080028e4
                0x10000000                        . = ALIGN (0x4)
                0x10000000                        _ssram2 = .
 *(.sram2)
 *(.sram2*)
                0x10000000                        . = ALIGN (0x4)
                0x10000000                        _esram2 = .
                0x10000000                        . = ALIGN (0x4)

.bss            0x20000008      0x490
                0x20000008                        _sbss = .
                0x20000008                        __bss_start__ = _sbss
 *(.bss)
 .bss           0x20000008       0x1c C:/ST/STM32CubeIDE_2.0.0/STM32CubeIDE/plugins/com.st.stm32cube.ide.mcu.externaltools.gnu-tools-for-stm32.13.3.rel1.win32_1.0.100.202509120712/tools/bin/../lib/gcc/arm-none-eabi/13.3.1/thumb/v7e-m+fp/hard/crtbegin.o
 *(.bss*)
 .bss.updateFlag
                0x20000024        0x4 ./Src/TIM.o
                0x20000024                updateFlag
 .bss.scored    0x20000028        0x4 ./Src/TIM.o
                0x20000028                scored
 .bss.ball      0x2000002c       0x20 ./Src/game.o
                0x2000002c                ball
 .bss.paddle1   0x2000004c       0x18 ./Src/game.o
                0x2000004c                paddle1
 .bss.paddle2   0x20000064       0x18 ./Src/game.o
                0x20000064                paddle2
 .bss.serveIndex
                0x2000007c        0x4 ./Src/game.o
                0x2000007c                serveIndex
 .bss.g_ms_ticks
                0x20000080        0x4 ./Src/main.o
                0x20000080                g_ms_ticks
 .bss.score_digits
                0x20000084        0x4 ./Src/segment.o
 .bss.p1_score  0x20000088        0x1 ./Src/segment.o
                0x20000088                p1_score
 .bss.p2_score  0x20000089        0x1 ./Src/segment.o
                0x20000089                p2_score
 .bss.active_digit
                0x2000008a        0x1 ./Src/segment.o
 .bss.refresh_ms
                0x2000008b        0x1 ./Src/segment.o
 .bss.SSD1306_LastError
                0x2000008c        0x1 ./Src/ssd1306.o
 *fill*         0x2000008d        0x3 
 .bss.SSD1306_Buffer
                0x20000090      0x400 ./Src/ssd1306.o
 .bss.SSD1306   0x20000490        0x6 ./Src/ssd1306.o
 *(COMMON)
                0x20000498                        . = ALIGN (0x4)
 *fill*         0x20000496        0x2 
                0x20000498                        _ebss = .
                0x20000498                        __bss_end__ = _ebss

._user_heap_stack
                0x20000498      0x600
                0x20000498                        . = ALIGN (0x8)
                [!provide]                        PROVIDE (end = .)
                0x20000498                        PROVIDE (_end = .)
                0x20000698                        . = (. + _Min_Heap_Size)
 *fill*         0x20000498      0x200 
                0x20000a98                        . = (. + _Min_Stack_Size)
 *fill*         0x20000698      0x400 
                0x20000a98                        . = ALIGN (0x8)

/DISCARD/
 libc.a(*)
 libm.a(*)
 libgcc.a(*)

.ARM.attributes
                0x00000000       0x30
 *(.ARM.attributes)
 .ARM.attributes
                0x00000000       0x22 C:/ST/STM32CubeIDE_2.0.0/STM32CubeIDE/plugins/com.st.stm32cube.ide.mcu.externaltools.gnu-tools-for-stm32.13.3.rel1.win32_1.0.100.202509120712/tools/bin/../lib/gcc/arm-none-eabi/13.3.1/thumb/v7e-m+fp/hard/crti.o
 .ARM.attributes
                0x00000022       0x34 C:/ST/STM32CubeIDE_2.0.0/STM32CubeIDE/plugins/com.st.stm32cube.ide.mcu.externaltools.gnu-tools-for-stm32.13.3.rel1.win32_1.0.100.202509120712/tools/bin/../lib/gcc/arm-none-eabi/13.3.1/thumb/v7e-m+fp/hard/crtbegin.o
 .ARM.attributes
                0x00000056       0x34 ./Src/ADC.o
 .ARM.attributes
                0x0000008a       0x34 ./Src/TIM.o
 .ARM.attributes
                0x000000be       0x34 ./Src/button.o
 .ARM.attributes
                0x000000f2       0x34 ./Src/game.o
 .ARM.attributes
                0x00000126       0x34 ./Src/main.o
 .ARM.attributes
                0x0000015a       0x34 ./Src/segment.o
 .ARM.attributes
                0x0000018e       0x34 ./Src/ssd1306.o
 .ARM.attributes
                0x000001c2       0x34 ./Src/ssd1306_fonts.o
 .ARM.attributes
                0x000001f6       0x34 ./Src/system_stm32l4xx.o
 .ARM.attributes
                0x0000022a       0x21 ./Startup/startup_stm32l476rgtx.o
 .ARM.attributes
                0x0000024b       0x34 C:/ST/STM32CubeIDE_2.0.0/STM32CubeIDE/plugins/com.st.stm32cube.ide.mcu.externaltools.gnu-tools-for-stm32.13.3.rel1.win32_1.0.100.202509120712/tools/bin/../lib/gcc/arm-none-eabi/13.3.1/../../../../arm-none-eabi/lib/thumb/v7e-m+fp/hard\libc_nano.a(libc_a-memset.o)
 .ARM.attributes
                0x0000027f       0x34 C:/ST/STM32CubeIDE_2.0.0/STM32CubeIDE/plugins/com.st.stm32cube.ide.mcu.externaltools.gnu-tools-for-stm32.13.3.rel1.win32_1.0.100.202509120712/tools/bin/../lib/gcc/arm-none-eabi/13.3.1/../../../../arm-none-eabi/lib/thumb/v7e-m+fp/hard\libc_nano.a(libc_a-init.o)
 .ARM.attributes
                0x000002b3       0x22 C:/ST/STM32CubeIDE_2.0.0/STM32CubeIDE/plugins/com.st.stm32cube.ide.mcu.externaltools.gnu-tools-for-stm32.13.3.rel1.win32_1.0.100.202509120712/tools/bin/../lib/gcc/arm-none-eabi/13.3.1/thumb/v7e-m+fp/hard/crtn.o
OUTPUT(Embedded-Pong.elf elf32-littlearm)
LOAD linker stubs
LOAD C:/ST/STM32CubeIDE_2.0.0/STM32CubeIDE/plugins/com.st.stm32cube.ide.mcu.externaltools.gnu-tools-for-stm32.13.3.rel1.win32_1.0.100.202509120712/tools/bin/../lib/gcc/arm-none-eabi/13.3.1/../../../../arm-none-eabi/lib/thumb/v7e-m+fp/hard\libc.a
LOAD C:/ST/STM32CubeIDE_2.0.0/STM32CubeIDE/plugins/com.st.stm32cube.ide.mcu.externaltools.gnu-tools-for-stm32.13.3.rel1.win32_1.0.100.202509120712/tools/bin/../lib/gcc/arm-none-eabi/13.3.1/../../../../arm-none-eabi/lib/thumb/v7e-m+fp/hard\libm.a
LOAD C:/ST/STM32CubeIDE_2.0.0/STM32CubeIDE/plugins/com.st.stm32cube.ide.mcu.externaltools.gnu-tools-for-stm32.13.3.rel1.win32_1.0.100.202509120712/tools/bin/../lib/gcc/arm-none-eabi/13.3.1/thumb/v7e-m+fp/hard\libgcc.a

.debug_info     0x00000000     0x4083
 .debug_info    0x00000000      0x5f6 ./Src/ADC.o
 .debug_info    0x000005f6      0xc68 ./Src/TIM.o
 .debug_info    0x0000125e      0x328 ./Src/button.o
 .debug_info    0x00001586      0x579 ./Src/game.o
 .debug_info    0x00001aff      0xa31 ./Src/main.o
 .debug_info    0x00002530      0x4fe ./Src/segment.o
 .debug_info    0x00002a2e     0x114f ./Src/ssd1306.o
 .debug_info    0x00003b7d      0x188 ./Src/ssd1306_fonts.o
 .debug_info    0x00003d05      0x34e ./Src/system_stm32l4xx.o
 .debug_info    0x00004053       0x30 ./Startup/startup_stm32l476rgtx.o

.debug_abbrev   0x00000000      0xfa9
 .debug_abbrev  0x00000000      0x14c ./Src/ADC.o
 .debug_abbrev  0x0000014c      0x212 ./Src/TIM.o
 .debug_abbrev  0x0000035e       0xb5 ./Src/button.o
 .debug_abbrev  0x00000413      0x1fe ./Src/game.o
 .debug_abbrev  0x00000611      0x2b2 ./Src/main.o
 .debug_abbrev  0x000008c3      0x1ab ./Src/segment.o
 .debug_abbrev  0x00000a6e      0x376 ./Src/ssd1306.o
 .debug_abbrev  0x00000de4       0xc3 ./Src/ssd1306_fonts.o
 .debug_abbrev  0x00000ea7       0xde ./Src/system_stm32l4xx.o
 .debug_abbrev  0x00000f85       0x24 ./Startup/startup_stm32l476rgtx.o

.debug_aranges  0x00000000      0x2e8
 .debug_aranges
                0x00000000       0x40 ./Src/ADC.o
 .debug_aranges
                0x00000040       0x38 ./Src/TIM.o
 .debug_aranges
                0x00000078       0x20 ./Src/button.o
 .debug_aranges
                0x00000098       0x38 ./Src/game.o
 .debug_aranges
                0x000000d0       0x50 ./Src/main.o
 .debug_aranges
                0x00000120       0x48 ./Src/segment.o
 .debug_aranges
                0x00000168      0x118 ./Src/ssd1306.o
 .debug_aranges
                0x00000280       0x18 ./Src/ssd1306_fonts.o
 .debug_aranges
                0x00000298       0x28 ./Src/system_stm32l4xx.o
 .debug_aranges
                0x000002c0       0x28 ./Startup/startup_stm32l476rgtx.o

.debug_rnglists
                0x00000000      0x213
 .debug_rnglists
                0x00000000       0x2c ./Src/ADC.o
 .debug_rnglists
                0x0000002c       0x35 ./Src/TIM.o
 .debug_rnglists
                0x00000061       0x13 ./Src/button.o
 .debug_rnglists
                0x00000074       0x27 ./Src/game.o
 .debug_rnglists
                0x0000009b       0x39 ./Src/main.o
 .debug_rnglists
                0x000000d4       0x33 ./Src/segment.o
 .debug_rnglists
                0x00000107       0xda ./Src/ssd1306.o
 .debug_rnglists
                0x000001e1       0x19 ./Src/system_stm32l4xx.o
 .debug_rnglists
                0x000001fa       0x19 ./Startup/startup_stm32l476rgtx.o

.debug_macro    0x00000000    0x1d7f3
 .debug_macro   0x00000000       0xbf ./Src/ADC.o
 .debug_macro   0x000000bf      0xae4 ./Src/ADC.o
 .debug_macro   0x00000ba3       0x28 ./Src/ADC.o
 .debug_macro   0x00000bcb       0x22 ./Src/ADC.o
 .debug_macro   0x00000bed       0x8e ./Src/ADC.o
 .debug_macro   0x00000c7b       0x51 ./Src/ADC.o
 .debug_macro   0x00000ccc      0x103 ./Src/ADC.o
 .debug_macro   0x00000dcf       0x6a ./Src/ADC.o
 .debug_macro   0x00000e39      0x1df ./Src/ADC.o
 .debug_macro   0x00001018       0x1c ./Src/ADC.o
 .debug_macro   0x00001034       0x22 ./Src/ADC.o
 .debug_macro   0x00001056       0xfb ./Src/ADC.o
 .debug_macro   0x00001151     0x1011 ./Src/ADC.o
 .debug_macro   0x00002162      0x11f ./Src/ADC.o
 .debug_macro   0x00002281    0x1a17a ./Src/ADC.o
 .debug_macro   0x0001c3fb       0xd2 ./Src/TIM.o
 .debug_macro   0x0001c4cd       0x2e ./Src/TIM.o
 .debug_macro   0x0001c4fb       0xbf ./Src/button.o
 .debug_macro   0x0001c5ba      0x107 ./Src/game.o
 .debug_macro   0x0001c6c1      0x190 ./Src/game.o
 .debug_macro   0x0001c851       0x22 ./Src/game.o
 .debug_macro   0x0001c873       0x22 ./Src/game.o
 .debug_macro   0x0001c895      0x10f ./Src/main.o
 .debug_macro   0x0001c9a4       0xf8 ./Src/segment.o
 .debug_macro   0x0001ca9c      0x207 ./Src/ssd1306.o
 .debug_macro   0x0001cca3       0x61 ./Src/ssd1306.o
 .debug_macro   0x0001cd04       0x2a ./Src/ssd1306.o
 .debug_macro   0x0001cd2e       0x43 ./Src/ssd1306.o
 .debug_macro   0x0001cd71       0x34 ./Src/ssd1306.o
 .debug_macro   0x0001cda5      0x370 ./Src/ssd1306.o
 .debug_macro   0x0001d115       0x16 ./Src/ssd1306.o
 .debug_macro   0x0001d12b       0x4a ./Src/ssd1306.o
 .debug_macro   0x0001d175       0x34 ./Src/ssd1306.o
 .debug_macro   0x0001d1a9       0x10 ./Src/ssd1306.o
 .debug_macro   0x0001d1b9       0x58 ./Src/ssd1306.o
 .debug_macro   0x0001d211       0x8e ./Src/ssd1306.o
 .debug_macro   0x0001d29f       0x1c ./Src/ssd1306.o
 .debug_macro   0x0001d2bb      0x185 ./Src/ssd1306.o
 .debug_macro   0x0001d440      0x19b ./Src/ssd1306.o
 .debug_macro   0x0001d5db       0x16 ./Src/ssd1306.o
 .debug_macro   0x0001d5f1       0x3c ./Src/ssd1306.o
 .debug_macro   0x0001d62d       0x16 ./Src/ssd1306.o
 .debug_macro   0x0001d643       0x29 ./Src/ssd1306.o
 .debug_macro   0x0001d66c       0x16 ./Src/ssd1306.o
 .debug_macro   0x0001d682       0x20 ./Src/ssd1306.o
 .debug_macro   0x0001d6a2       0x8e ./Src/ssd1306_fonts.o
 .debug_macro   0x0001d730       0xc3 ./Src/system_stm32l4xx.o

.debug_line     0x00000000     0x3f84
 .debug_line    0x00000000      0x5c3 ./Src/ADC.o
 .debug_line    0x000005c3      0x7fe ./Src/TIM.o
 .debug_line    0x00000dc1      0x49e ./Src/button.o
 .debug_line    0x0000125f      0x5c3 ./Src/game.o
 .debug_line    0x00001822      0x6af ./Src/main.o
 .debug_line    0x00001ed1      0x613 ./Src/segment.o
 .debug_line    0x000024e4     0x10fb ./Src/ssd1306.o
 .debug_line    0x000035df      0x43f ./Src/ssd1306_fonts.o
 .debug_line    0x00003a1e      0x4eb ./Src/system_stm32l4xx.o
 .debug_line    0x00003f09       0x7b ./Startup/startup_stm32l476rgtx.o

.debug_str      0x00000000    0xa3322
 .debug_str     0x00000000    0xa3322 ./Src/ADC.o
                              0x9e516 (size before relaxing)
 .debug_str     0x000a3322        0x0 ./Src/TIM.o
                              0x9eb15 (size before relaxing)
 .debug_str     0x000a3322        0x0 ./Src/button.o
                              0x9e3ff (size before relaxing)
 .debug_str     0x000a3322        0x0 ./Src/game.o
                              0x9e963 (size before relaxing)
 .debug_str     0x000a3322        0x0 ./Src/main.o
                              0x9efed (size before relaxing)
 .debug_str     0x000a3322        0x0 ./Src/segment.o
                              0x9e664 (size before relaxing)
 .debug_str     0x000a3322        0x0 ./Src/ssd1306.o
                              0xa29e2 (size before relaxing)
 .debug_str     0x000a3322        0x0 ./Src/ssd1306_fonts.o
                               0x42a2 (size before relaxing)
 .debug_str     0x000a3322        0x0 ./Src/system_stm32l4xx.o
                              0x9e433 (size before relaxing)
 .debug_str     0x000a3322        0x0 ./Startup/startup_stm32l476rgtx.o
                                 0x83 (size before relaxing)

.comment        0x00000000       0x43
 .comment       0x00000000       0x43 ./Src/ADC.o
                                 0x44 (size before relaxing)
 .comment       0x00000043        0x0 ./Src/TIM.o
                                 0x44 (size before relaxing)
 .comment       0x00000043        0x0 ./Src/button.o
                                 0x44 (size before relaxing)
 .comment       0x00000043        0x0 ./Src/game.o
                                 0x44 (size before relaxing)
 .comment       0x00000043        0x0 ./Src/main.o
                                 0x44 (size before relaxing)
 .comment       0x00000043        0x0 ./Src/segment.o
                                 0x44 (size before relaxing)
 .comment       0x00000043        0x0 ./Src/ssd1306.o
                                 0x44 (size before relaxing)
 .comment       0x00000043        0x0 ./Src/ssd1306_fonts.o
                                 0x44 (size before relaxing)
 .comment       0x00000043        0x0 ./Src/system_stm32l4xx.o
                                 0x44 (size before relaxing)

.debug_frame    0x00000000      0x94c
 .debug_frame   0x00000000       0xb4 ./Src/ADC.o
 .debug_frame   0x000000b4       0xa4 ./Src/TIM.o
 .debug_frame   0x00000158       0x30 ./Src/button.o
 .debug_frame   0x00000188       0x98 ./Src/game.o
 .debug_frame   0x00000220      0x104 ./Src/main.o
 .debug_frame   0x00000324       0xd0 ./Src/segment.o
 .debug_frame   0x000003f4      0x4bc ./Src/ssd1306.o
 .debug_frame   0x000008b0       0x50 ./Src/system_stm32l4xx.o
 .debug_frame   0x00000900       0x20 C:/ST/STM32CubeIDE_2.0.0/STM32CubeIDE/plugins/com.st.stm32cube.ide.mcu.externaltools.gnu-tools-for-stm32.13.3.rel1.win32_1.0.100.202509120712/tools/bin/../lib/gcc/arm-none-eabi/13.3.1/../../../../arm-none-eabi/lib/thumb/v7e-m+fp/hard\libc_nano.a(libc_a-memset.o)
 .debug_frame   0x00000920       0x2c C:/ST/STM32CubeIDE_2.0.0/STM32CubeIDE/plugins/com.st.stm32cube.ide.mcu.externaltools.gnu-tools-for-stm32.13.3.rel1.win32_1.0.100.202509120712/tools/bin/../lib/gcc/arm-none-eabi/13.3.1/../../../../arm-none-eabi/lib/thumb/v7e-m+fp/hard\libc_nano.a(libc_a-init.o)

.debug_line_str
                0x00000000       0x67
 .debug_line_str
                0x00000000       0x67 ./Startup/startup_stm32l476rgtx.o
