../Src/ssd1306.c:16:13:ssd1306_DelayMs	24	static,ignoring_inline_asm
../Src/ssd1306.c:24:24:ssd1306_WaitWhileSet	24	static
../Src/ssd1306.c:36:24:ssd1306_WaitUntilSet	24	static
../Src/ssd1306.c:51:13:ssd1306_I2C1Init	4	static
../Src/ssd1306.c:74:24:ssd1306_I2CWrite	32	static
../Src/ssd1306.c:112:6:ssd1306_Reset	8	static
../Src/ssd1306.c:117:6:ssd1306_WriteCommand	16	static
../Src/ssd1306.c:122:6:ssd1306_WriteData	16	static
../Src/ssd1306.c:126:17:ssd1306_GetLastError	4	static
../Src/ssd1306.c:142:17:ssd1306_FillBuffer	24	static
../Src/ssd1306.c:152:6:ssd1306_Init	8	static
../Src/ssd1306.c:254:6:ssd1306_Fill	16	static
../Src/ssd1306.c:259:6:ssd1306_UpdateScreen	16	static
../Src/ssd1306.c:280:6:ssd1306_DrawPixel	16	static
../Src/ssd1306.c:300:6:ssd1306_WriteChar	48	static
../Src/ssd1306.c:337:6:ssd1306_WriteString	32	static
../Src/ssd1306.c:351:6:ssd1306_SetCursor	16	static
../Src/ssd1306.c:357:6:ssd1306_Line	48	static
../Src/ssd1306.c:384:6:ssd1306_Polyline	40	static
../Src/ssd1306.c:398:14:ssd1306_DegToRad	16	static
../Src/ssd1306.c:403:17:ssd1306_NormalizeTo0_360	24	static
../Src/ssd1306.c:419:6:ssd1306_DrawArc	64	static
../Src/ssd1306.c:459:6:ssd1306_DrawArcWithRadiusLine	72	static
../Src/ssd1306.c:502:6:ssd1306_DrawCircle	40	static
../Src/ssd1306.c:537:6:ssd1306_FillCircle	48	static
../Src/ssd1306.c:573:6:ssd1306_DrawRectangle	32	static
../Src/ssd1306.c:583:6:ssd1306_FillRectangle	32	static
../Src/ssd1306.c:597:17:ssd1306_InvertRectangle	32	static
../Src/ssd1306.c:628:6:ssd1306_DrawBitmap	24	static
../Src/ssd1306.c:652:6:ssd1306_SetContrast	24	static
../Src/ssd1306.c:658:6:ssd1306_SetDisplayOn	24	static
../Src/ssd1306.c:670:9:ssd1306_GetDisplayOn	4	static
